../Core/Src/text.c:36:6:GPIO_Init	4	static
../Core/Src/text.c:64:6:SPI_Init	4	static
../Core/Src/text.c:104:10:SPI_Transmit	16	static
../Core/Src/text.c:119:10:SPI_Receive	16	static
../Core/Src/text.c:128:6:LIS_Write	16	static
../Core/Src/text.c:142:6:LIS_Init	8	static
../Core/Src/text.c:147:6:LIS_Read	8	static
../Core/Src/text.c:158:9:Convert_To_Val	16	static
../Core/Src/text.c:169:9:map	16	static
../Core/Src/text.c:175:6:HAL_UART_RxCpltCallback	16	static
../Core/Src/text.c:181:6:HAL_TIM_PeriodElapsedCallback	16	static
